// Jest Snapshot v1, https://goo.gl/fbAQLP

exports[`Winner renders correctly 1`] = `ShallowWrapper {}`;
